Processing esp32-s3-devkitc-1 (platform: espressif32; board: esp32-s3-devkitc-1; framework: arduino)
--------------------------------------------------------------------------------
Verbose mode can be enabled via `-v, --verbose` option
CONFIGURATION: https://docs.platformio.org/page/boards/espressif32/esp32-s3-devkitc-1.html
PLATFORM: Espressif 32 (55.3.37) > Espressif ESP32-S3-DevKitC-1-N8 (8 MB QD, No PSRAM)
HARDWARE: ESP32S3 240MHz, 320KB RAM, 8MB Flash
DEBUG: Current (esp-builtin) On-board (esp-builtin) External (cmsis-dap, esp-bridge, esp-prog, iot-bus-jtag, jlink, minimodule, olimex-arm-usb-ocd, olimex-arm-usb-ocd-h, olimex-arm-usb-tiny-h, olimex-jtag-tiny, tumpa)
PACKAGES: 
 - contrib-piohome @ 3.4.4 
 - framework-arduinoespressif32 @ 3.3.7 
 - framework-arduinoespressif32-libs @ 5.5.0+sha.87912cd291 
 - tool-esptoolpy @ 5.1.2 
 - toolchain-xtensa-esp-elf @ 14.2.0+20251107
*** WARNING: Windows Long Path Support is disabled ***
*** Enable it for better performance: ***
*** 1. Run as Administrator: gpedit.msc ***
*** 2. Navigate to: Computer Configuration > Administrative Templates > System > Filesystem ***
*** 3. Enable 'Enable Win32 long paths' ***
*** OR run PowerShell as Admin: ***
*** New-ItemProperty -Path 'HKLM:\SYSTEM\CurrentControlSet\Control\FileSystem' -Name 'LongPathsEnabled' -Value 1 -PropertyType DWORD -Force ***
*** Restart required after enabling ***
*** Applied include path shortening for 336 framework paths ***
*** Path length reduced from 40711 to ~13927 characters ***
*** Estimated savings: 26208 characters ***
LDF: Library Dependency Finder -> https://bit.ly/configure-pio-ldf
LDF Modes: Finder ~ chain, Compatibility ~ soft
Found 48 compatible libraries
Scanning dependencies...
Dependency Graph
|-- ArduinoJson @ 7.4.3
|-- Adafruit NeoPixel @ 1.15.5
|-- LittleFS @ 3.3.7
|-- USBHostUPS
|-- DiagnosticLED
|-- NUTServer
|-- WiFi @ 3.3.7
Building in release mode
Retrieving maximum program size .pio\build\esp32-s3-devkitc-1\firmware.elf
Checking size .pio\build\esp32-s3-devkitc-1\firmware.elf
Advanced Memory Usage is available via "PlatformIO Home > Project Inspect"
RAM:   [=         ]  14.1% (used 46340 bytes from 327680 bytes)
Flash: [===       ]  31.1% (used 1038205 bytes from 3342336 bytes)
========================= [SUCCESS] Took 13.27 seconds =========================
